./.git/objects/pack/pack-ce646e7df53eacdf5351bb07668a64431ea380f3.pack
